[info] welcome to sbt 1.12.0 (Oracle Corporation Java 20.0.2)
[info] loading settings for project decisions4s-build from plugins.sbt...
[info] loading project definition from /Users/krrishbiswas/Desktop/GSoC/decisions4s/project
[info] loading settings for project decisions4s from build.sbt...
[info] set current project to decisions4s (in build file:/Users/krrishbiswas/Desktop/GSoC/decisions4s/)
[success] Total time: 15 s, completed Jan 13, 2026, 11:15:19 AM

[warn] Canceling execution...
java.util.concurrent.ExecutionException: Incomplete(node=None, tpe=Error, msg=Some(cancelled), causes=List(), directCause=None)
	at java.base/java.util.concurrent.FutureTask.report(FutureTask.java:122)
	at java.base/java.util.concurrent.FutureTask.get(FutureTask.java:191)
	at sbt.ConcurrentRestrictions$$anon$4.take(ConcurrentRestrictions.scala:311)
	at sbt.Execute.next$1(Execute.scala:118)
	at sbt.Execute.processAll(Execute.scala:128)
	at sbt.Execute.runKeep(Execute.scala:96)
	at sbt.EvaluateTask$.liftedTree1$1(EvaluateTask.scala:520)
	at sbt.EvaluateTask$.run$1(EvaluateTask.scala:519)
	at sbt.EvaluateTask$.runTask(EvaluateTask.scala:543)
	at sbt.internal.Aggregation$.$anonfun$timedRun$4(Aggregation.scala:105)
	at sbt.EvaluateTask$.withStreams(EvaluateTask.scala:432)
	at sbt.internal.Aggregation$.timedRun(Aggregation.scala:103)
	at sbt.internal.Aggregation$.runTasks(Aggregation.scala:117)
	at sbt.internal.Aggregation$.$anonfun$applyTasks$1(Aggregation.scala:72)
	at sbt.Command$.$anonfun$applyEffect$2(Command.scala:146)
	at sbt.internal.Aggregation$.$anonfun$evaluatingParser$11(Aggregation.scala:219)
	at sbt.internal.Act$.$anonfun$actParser0$8(Act.scala:500)
	at sbt.Command$.process(Command.scala:194)
	at sbt.MainLoop$.$anonfun$processCommand$7(MainLoop.scala:267)
	at scala.Option.getOrElse(Option.scala:189)
	at sbt.MainLoop$.process$1(MainLoop.scala:267)
	at sbt.MainLoop$.processCommand(MainLoop.scala:312)
	at sbt.MainLoop$.$anonfun$next$5(MainLoop.scala:171)
	at sbt.State$StateOpsImpl$.runCmd$1(State.scala:290)
	at sbt.State$StateOpsImpl$.process$extension(State.scala:326)
	at sbt.MainLoop$.$anonfun$next$4(MainLoop.scala:171)
	at sbt.internal.util.ErrorHandling$.wideConvert(ErrorHandling.scala:24)
	at sbt.MainLoop$.next(MainLoop.scala:171)
	at sbt.MainLoop$.run(MainLoop.scala:152)
	at sbt.MainLoop$.$anonfun$runWithNewLog$1(MainLoop.scala:127)
	at sbt.io.Using.apply(Using.scala:41)
	at sbt.MainLoop$.runWithNewLog(MainLoop.scala:120)
	at sbt.MainLoop$.runAndClearLast(MainLoop.scala:74)
	at sbt.MainLoop$.runLoggedLoop(MainLoop.scala:59)
	at sbt.MainLoop$.runLogged(MainLoop.scala:50)
	at sbt.StandardMain$.runManaged(Main.scala:225)
	at sbt.xMain$.$anonfun$run$11(Main.scala:136)
	at scala.util.DynamicVariable.withValue(DynamicVariable.scala:62)
	at scala.Console$.withIn(Console.scala:230)
	at sbt.internal.util.Terminal$.withIn(Terminal.scala:620)
	at sbt.internal.util.Terminal$.$anonfun$withStreams$1(Terminal.scala:400)
	at scala.util.DynamicVariable.withValue(DynamicVariable.scala:62)
	at scala.Console$.withOut(Console.scala:167)
	at sbt.internal.util.Terminal$.$anonfun$withOut$2(Terminal.scala:610)
	at scala.util.DynamicVariable.withValue(DynamicVariable.scala:62)
	at scala.Console$.withErr(Console.scala:196)
	at sbt.internal.util.Terminal$.withOut(Terminal.scala:610)
	at sbt.internal.util.Terminal$.withStreams(Terminal.scala:400)
	at sbt.xMain$.withStreams$1(Main.scala:89)
	at sbt.xMain$.run(Main.scala:124)
	at java.base/jdk.internal.reflect.DirectMethodHandleAccessor.invoke(DirectMethodHandleAccessor.java:104)
	at java.base/java.lang.reflect.Method.invoke(Method.java:578)
	at sbt.internal.XMainConfiguration.run(XMainConfiguration.java:59)
	at sbt.xMain.run(Main.scala:48)
	at xsbt.boot.Launch$.run$$anonfun$1(Launch.scala:132)
	at xsbt.boot.Launch$.withContextLoader(Launch.scala:157)
	at xsbt.boot.Launch$.run(Launch.scala:132)
	at xsbt.boot.Launch$.apply$$anonfun$1(Launch.scala:43)
	at xsbt.boot.Launch$.launch(Launch.scala:142)
	at xsbt.boot.Launch$.apply(Launch.scala:43)
	at xsbt.boot.Launch$.apply(Launch.scala:24)
	at xsbt.boot.Boot$.runImpl(Boot.scala:73)
	at xsbt.boot.Boot$.run(Boot.scala:69)
	at xsbt.boot.Boot$.main(Boot.scala:23)
	at xsbt.boot.Boot.main(Boot.scala)
Caused by: Incomplete(node=None, tpe=Error, msg=Some(cancelled), causes=List(), directCause=None)
	at sbt.CompletionService$.submitFuture(CompletionService.scala:73)
	at sbt.ConcurrentRestrictions$$anon$4.submitValid(ConcurrentRestrictions.scala:267)
	at sbt.ConcurrentRestrictions$$anon$4.submitValid(ConcurrentRestrictions.scala:297)
	at sbt.ConcurrentRestrictions$$anon$4.cleanup(ConcurrentRestrictions.scala:279)
	at sbt.ConcurrentRestrictions$$anon$4.$anonfun$submitValid$1(ConcurrentRestrictions.scala:266)
	at sbt.CompletionService$$anon$2.call(CompletionService.scala:65)
	at java.base/java.util.concurrent.FutureTask.run(FutureTask.java:317)
	at java.base/java.util.concurrent.Executors$RunnableAdapter.call(Executors.java:577)
	at java.base/java.util.concurrent.FutureTask.run(FutureTask.java:317)
	at java.base/java.util.concurrent.ThreadPoolExecutor.runWorker(ThreadPoolExecutor.java:1144)
	at java.base/java.util.concurrent.ThreadPoolExecutor$Worker.run(ThreadPoolExecutor.java:642)
	at java.base/java.lang.Thread.run(Thread.java:1623)
[error] java.util.concurrent.ExecutionException: Incomplete(node=None, tpe=Error, msg=Some(cancelled), causes=List(), directCause=None)
[error] Use 'last' for the full log.
