[info] welcome to sbt 1.12.0 (Oracle Corporation Java 20.0.2)
[info] loading settings for project decisions4s-build from plugins.sbt...
[info] loading project definition from /Users/krrishbiswas/Desktop/GSoC/decisions4s/project
[info] loading settings for project decisions4s from build.sbt...
[info] set current project to decisions4s (in build file:/Users/krrishbiswas/Desktop/GSoC/decisions4s/)
[info] set current project to decisions4s-core (in build file:/Users/krrishbiswas/Desktop/GSoC/decisions4s/)
[warn] sbt 0.13 shell syntax is deprecated; use slash syntax instead: Test / compile
[info] compiling 1 Scala source to /Users/krrishbiswas/Desktop/GSoC/decisions4s/decisions4s-core/target/scala-3.7.3/test-classes ...
[error] -- [E046] Cyclic Error: /Users/krrishbiswas/Desktop/GSoC/decisions4s/decisions4s-core/src/test/scala/decisions4s/html/HtmlRendererTest.scala:7:48 
[error] 7 |class HtmlRendererTest extends AnyFreeSpec with Matchers {
[error]   |                                                ^
[error]   |                               Cyclic reference involving val <import>
[error]   |
[error]   |                                Run with -explain-cyclic for more details.
[error]   |
[error]   | longer explanation available when compiling with `-explain`
[error] -- [E008] Not Found Error: /Users/krrishbiswas/Desktop/GSoC/decisions4s/decisions4s-core/src/test/scala/decisions4s/html/HtmlRendererTest.scala:5:21 
[error] 5 |import org.scalatest.matchers.should.Matchers
[error]   |       ^^^^^^^^^^^^^^^^^^^^^^
[error]   |       value matchers is not a member of org.scalatest
[error] -- [E008] Not Found Error: /Users/krrishbiswas/Desktop/GSoC/decisions4s/decisions4s-core/src/test/scala/decisions4s/html/HtmlRendererTest.scala:31:11 
[error] 31 |      html should include("<!DOCTYPE html>")
[error]    |      ^^^^^^^^^^^
[error]    |      value should is not a member of String
[error] -- [E006] Not Found Error: /Users/krrishbiswas/Desktop/GSoC/decisions4s/decisions4s-core/src/test/scala/decisions4s/html/HtmlRendererTest.scala:31:18 
[error] 31 |      html should include("<!DOCTYPE html>")
[error]    |                  ^^^^^^^
[error]    |                  Not found: include - did you mean inline?
[error]    |
[error]    | longer explanation available when compiling with `-explain`
[error] -- [E008] Not Found Error: /Users/krrishbiswas/Desktop/GSoC/decisions4s/decisions4s-core/src/test/scala/decisions4s/html/HtmlRendererTest.scala:32:11 
[error] 32 |      html should include("test") // table name
[error]    |      ^^^^^^^^^^^
[error]    |      value should is not a member of String
[error] -- [E006] Not Found Error: /Users/krrishbiswas/Desktop/GSoC/decisions4s/decisions4s-core/src/test/scala/decisions4s/html/HtmlRendererTest.scala:32:18 
[error] 32 |      html should include("test") // table name
[error]    |                  ^^^^^^^
[error]    |                  Not found: include - did you mean inline?
[error]    |
[error]    | longer explanation available when compiling with `-explain`
[error] -- [E008] Not Found Error: /Users/krrishbiswas/Desktop/GSoC/decisions4s/decisions4s-core/src/test/scala/decisions4s/html/HtmlRendererTest.scala:33:11 
[error] 33 |      html should include("Inputs")
[error]    |      ^^^^^^^^^^^
[error]    |      value should is not a member of String
[error] -- [E006] Not Found Error: /Users/krrishbiswas/Desktop/GSoC/decisions4s/decisions4s-core/src/test/scala/decisions4s/html/HtmlRendererTest.scala:33:18 
[error] 33 |      html should include("Inputs")
[error]    |                  ^^^^^^^
[error]    |                  Not found: include - did you mean inline?
[error]    |
[error]    | longer explanation available when compiling with `-explain`
[error] -- [E008] Not Found Error: /Users/krrishbiswas/Desktop/GSoC/decisions4s/decisions4s-core/src/test/scala/decisions4s/html/HtmlRendererTest.scala:34:11 
[error] 34 |      html should include("Outputs")
[error]    |      ^^^^^^^^^^^
[error]    |      value should is not a member of String
[error] -- [E006] Not Found Error: /Users/krrishbiswas/Desktop/GSoC/decisions4s/decisions4s-core/src/test/scala/decisions4s/html/HtmlRendererTest.scala:34:18 
[error] 34 |      html should include("Outputs")
[error]    |                  ^^^^^^^
[error]    |                  Not found: include - did you mean inline?
[error]    |
[error]    | longer explanation available when compiling with `-explain`
[error] -- [E008] Not Found Error: /Users/krrishbiswas/Desktop/GSoC/decisions4s/decisions4s-core/src/test/scala/decisions4s/html/HtmlRendererTest.scala:35:11 
[error] 35 |      html should include("foo")
[error]    |      ^^^^^^^^^^^
[error]    |      value should is not a member of String
[error] -- [E006] Not Found Error: /Users/krrishbiswas/Desktop/GSoC/decisions4s/decisions4s-core/src/test/scala/decisions4s/html/HtmlRendererTest.scala:35:18 
[error] 35 |      html should include("foo")
[error]    |                  ^^^^^^^
[error]    |                  Not found: include - did you mean inline?
[error]    |
[error]    | longer explanation available when compiling with `-explain`
[error] -- [E008] Not Found Error: /Users/krrishbiswas/Desktop/GSoC/decisions4s/decisions4s-core/src/test/scala/decisions4s/html/HtmlRendererTest.scala:36:11 
[error] 36 |      html should include("bar")
[error]    |      ^^^^^^^^^^^
[error]    |      value should is not a member of String
[error] -- [E006] Not Found Error: /Users/krrishbiswas/Desktop/GSoC/decisions4s/decisions4s-core/src/test/scala/decisions4s/html/HtmlRendererTest.scala:36:18 
[error] 36 |      html should include("bar")
[error]    |                  ^^^^^^^
[error]    |                  Not found: include - did you mean inline?
[error]    |
[error]    | longer explanation available when compiling with `-explain`
[error] -- [E008] Not Found Error: /Users/krrishbiswas/Desktop/GSoC/decisions4s/decisions4s-core/src/test/scala/decisions4s/html/HtmlRendererTest.scala:37:11 
[error] 37 |      html should include("c")
[error]    |      ^^^^^^^^^^^
[error]    |      value should is not a member of String
[error] -- [E006] Not Found Error: /Users/krrishbiswas/Desktop/GSoC/decisions4s/decisions4s-core/src/test/scala/decisions4s/html/HtmlRendererTest.scala:37:18 
[error] 37 |      html should include("c")
[error]    |                  ^^^^^^^
[error]    |                  Not found: include - did you mean inline?
[error]    |
[error]    | longer explanation available when compiling with `-explain`
[error] -- [E008] Not Found Error: /Users/krrishbiswas/Desktop/GSoC/decisions4s/decisions4s-core/src/test/scala/decisions4s/html/HtmlRendererTest.scala:38:11 
[error] 38 |      html should include("Hit Policy: Single")
[error]    |      ^^^^^^^^^^^
[error]    |      value should is not a member of String
[error] -- [E006] Not Found Error: /Users/krrishbiswas/Desktop/GSoC/decisions4s/decisions4s-core/src/test/scala/decisions4s/html/HtmlRendererTest.scala:38:18 
[error] 38 |      html should include("Hit Policy: Single")
[error]    |                  ^^^^^^^
[error]    |                  Not found: include - did you mean inline?
[error]    |
[error]    | longer explanation available when compiling with `-explain`
[error] -- [E008] Not Found Error: /Users/krrishbiswas/Desktop/GSoC/decisions4s/decisions4s-core/src/test/scala/decisions4s/html/HtmlRendererTest.scala:39:11 
[error] 39 |      html should include("> 3")
[error]    |      ^^^^^^^^^^^
[error]    |      value should is not a member of String
[error] -- [E006] Not Found Error: /Users/krrishbiswas/Desktop/GSoC/decisions4s/decisions4s-core/src/test/scala/decisions4s/html/HtmlRendererTest.scala:39:18 
[error] 39 |      html should include("> 3")
[error]    |                  ^^^^^^^
[error]    |                  Not found: include - did you mean inline?
[error]    |
[error]    | longer explanation available when compiling with `-explain`
[error] -- [E008] Not Found Error: /Users/krrishbiswas/Desktop/GSoC/decisions4s/decisions4s-core/src/test/scala/decisions4s/html/HtmlRendererTest.scala:40:11 
[error] 40 |      html should include("some string")
[error]    |      ^^^^^^^^^^^
[error]    |      value should is not a member of String
[error] -- [E006] Not Found Error: /Users/krrishbiswas/Desktop/GSoC/decisions4s/decisions4s-core/src/test/scala/decisions4s/html/HtmlRendererTest.scala:40:18 
[error] 40 |      html should include("some string")
[error]    |                  ^^^^^^^
[error]    |                  Not found: include - did you mean inline?
[error]    |
[error]    | longer explanation available when compiling with `-explain`
[error] -- [E008] Not Found Error: /Users/krrishbiswas/Desktop/GSoC/decisions4s/decisions4s-core/src/test/scala/decisions4s/html/HtmlRendererTest.scala:61:15 
[error] 61 |          html should include("Annotations")
[error]    |          ^^^^^^^^^^^
[error]    |          value should is not a member of String
[error] -- [E006] Not Found Error: /Users/krrishbiswas/Desktop/GSoC/decisions4s/decisions4s-core/src/test/scala/decisions4s/html/HtmlRendererTest.scala:61:22 
[error] 61 |          html should include("Annotations")
[error]    |                      ^^^^^^^
[error]    |                      Not found: include - did you mean inline?
[error]    |
[error]    | longer explanation available when compiling with `-explain`
[error] -- [E008] Not Found Error: /Users/krrishbiswas/Desktop/GSoC/decisions4s/decisions4s-core/src/test/scala/decisions4s/html/HtmlRendererTest.scala:62:15 
[error] 62 |          html should include("this is a test rule")
[error]    |          ^^^^^^^^^^^
[error]    |          value should is not a member of String
[error] -- [E006] Not Found Error: /Users/krrishbiswas/Desktop/GSoC/decisions4s/decisions4s-core/src/test/scala/decisions4s/html/HtmlRendererTest.scala:62:22 
[error] 62 |          html should include("this is a test rule")
[error]    |                      ^^^^^^^
[error]    |                      Not found: include - did you mean inline?
[error]    |
[error]    | longer explanation available when compiling with `-explain`
[error] 26 errors found
[error] (Test / compileIncremental) Compilation failed
[error] Total time: 7 s, completed Jan 11, 2026, 10:59:31 AM
